// Jest Snapshot v1, https://goo.gl/fbAQLP

exports[`ListComponent shallow renders 1`] = `
<ul>
  <li>
    <TextComponent
      value="1"
    />
  </li>
  <li>
    <TextComponent
      value="2"
    />
  </li>
</ul>
`;
